
Parse error: syntax error, unexpected token "public", expecting end of file in /blocks/b00001.php on line 3
Errors parsing /blocks/b00001.php
No syntax errors detected in /blocks/b00002.php
No syntax errors detected in /blocks/b00003.php
No syntax errors detected in /blocks/b00004.php
No syntax errors detected in /blocks/b00005.php
No syntax errors detected in /blocks/b00006.php
No syntax errors detected in /blocks/b00007.php
No syntax errors detected in /blocks/b00008.php
No syntax errors detected in /blocks/b00009.php
No syntax errors detected in /blocks/b00010.php
No syntax errors detected in /blocks/b00011.php
No syntax errors detected in /blocks/b00012.php
No syntax errors detected in /blocks/b00013.php
No syntax errors detected in /blocks/b00014.php
No syntax errors detected in /blocks/b00015.php
No syntax errors detected in /blocks/b00016.php
No syntax errors detected in /blocks/b00017.php
No syntax errors detected in /blocks/b00018.php
No syntax errors detected in /blocks/b00019.php
No syntax errors detected in /blocks/b00020.php
No syntax errors detected in /blocks/b00021.php
No syntax errors detected in /blocks/b00022.php
No syntax errors detected in /blocks/b00023.php
No syntax errors detected in /blocks/b00024.php
No syntax errors detected in /blocks/b00025.php
No syntax errors detected in /blocks/b00026.php
No syntax errors detected in /blocks/b00027.php
No syntax errors detected in /blocks/b00028.php
No syntax errors detected in /blocks/b00029.php
No syntax errors detected in /blocks/b00030.php
No syntax errors detected in /blocks/b00031.php
No syntax errors detected in /blocks/b00032.php
No syntax errors detected in /blocks/b00033.php
No syntax errors detected in /blocks/b00034.php
No syntax errors detected in /blocks/b00035.php
No syntax errors detected in /blocks/b00036.php
No syntax errors detected in /blocks/b00037.php
No syntax errors detected in /blocks/b00038.php
No syntax errors detected in /blocks/b00039.php
No syntax errors detected in /blocks/b00040.php
No syntax errors detected in /blocks/b00041.php
No syntax errors detected in /blocks/b00042.php
No syntax errors detected in /blocks/b00043.php
No syntax errors detected in /blocks/b00044.php
No syntax errors detected in /blocks/b00045.php
No syntax errors detected in /blocks/b00046.php
No syntax errors detected in /blocks/b00047.php
No syntax errors detected in /blocks/b00048.php
No syntax errors detected in /blocks/b00049.php
No syntax errors detected in /blocks/b00050.php
No syntax errors detected in /blocks/b00051.php
No syntax errors detected in /blocks/b00052.php
No syntax errors detected in /blocks/b00053.php
No syntax errors detected in /blocks/b00054.php
No syntax errors detected in /blocks/b00055.php
No syntax errors detected in /blocks/b00056.php
No syntax errors detected in /blocks/b00057.php
No syntax errors detected in /blocks/b00058.php
No syntax errors detected in /blocks/b00059.php
No syntax errors detected in /blocks/b00060.php
No syntax errors detected in /blocks/b00061.php
No syntax errors detected in /blocks/b00062.php

Warning: The use statement with non-compound name 'ReflectionClass' has no effect in /blocks/b00063.php on line 2
No syntax errors detected in /blocks/b00063.php
No syntax errors detected in /blocks/b00064.php
No syntax errors detected in /blocks/b00065.php
No syntax errors detected in /blocks/b00066.php
No syntax errors detected in /blocks/b00067.php
No syntax errors detected in /blocks/b00068.php
No syntax errors detected in /blocks/b00069.php
No syntax errors detected in /blocks/b00070.php
No syntax errors detected in /blocks/b00071.php
No syntax errors detected in /blocks/b00072.php
No syntax errors detected in /blocks/b00073.php
No syntax errors detected in /blocks/b00074.php

Warning: The use statement with non-compound name 'InvalidArgumentException' has no effect in /blocks/b00075.php on line 10

Warning: The use statement with non-compound name 'Throwable' has no effect in /blocks/b00075.php on line 11
No syntax errors detected in /blocks/b00075.php

Parse error: syntax error, unexpected token "public", expecting end of file in /blocks/b00076.php on line 5
Errors parsing /blocks/b00076.php
No syntax errors detected in /blocks/b00077.php
No syntax errors detected in /blocks/b00078.php
No syntax errors detected in /blocks/b00079.php
No syntax errors detected in /blocks/b00080.php
No syntax errors detected in /blocks/b00081.php
No syntax errors detected in /blocks/b00082.php
No syntax errors detected in /blocks/b00083.php
No syntax errors detected in /blocks/b00084.php
No syntax errors detected in /blocks/b00085.php
No syntax errors detected in /blocks/b00086.php
No syntax errors detected in /blocks/b00087.php

Parse error: syntax error, unexpected token "public", expecting end of file in /blocks/b00088.php on line 3
Errors parsing /blocks/b00088.php
No syntax errors detected in /blocks/b00089.php
No syntax errors detected in /blocks/b00090.php
No syntax errors detected in /blocks/b00091.php
No syntax errors detected in /blocks/b00092.php
No syntax errors detected in /blocks/b00093.php
No syntax errors detected in /blocks/b00094.php
No syntax errors detected in /blocks/b00095.php
No syntax errors detected in /blocks/b00096.php
No syntax errors detected in /blocks/b00097.php
No syntax errors detected in /blocks/b00098.php
No syntax errors detected in /blocks/b00099.php
No syntax errors detected in /blocks/b00100.php
No syntax errors detected in /blocks/b00101.php
No syntax errors detected in /blocks/b00102.php
No syntax errors detected in /blocks/b00103.php

Parse error: syntax error, unexpected token "public", expecting end of file in /blocks/b00104.php on line 3
Errors parsing /blocks/b00104.php

Parse error: syntax error, unexpected token "public", expecting end of file in /blocks/b00105.php on line 5
Errors parsing /blocks/b00105.php
No syntax errors detected in /blocks/b00106.php
No syntax errors detected in /blocks/b00107.php

Parse error: syntax error, unexpected token "public", expecting end of file in /blocks/b00108.php on line 3
Errors parsing /blocks/b00108.php

Parse error: syntax error, unexpected token "public", expecting end of file in /blocks/b00109.php on line 6
Errors parsing /blocks/b00109.php
No syntax errors detected in /blocks/b00110.php
No syntax errors detected in /blocks/b00111.php
No syntax errors detected in /blocks/b00112.php
No syntax errors detected in /blocks/b00113.php

Parse error: syntax error, unexpected token "=>" in /blocks/b00114.php on line 3
Errors parsing /blocks/b00114.php
No syntax errors detected in /blocks/b00115.php
No syntax errors detected in /blocks/b00116.php
No syntax errors detected in /blocks/b00117.php
No syntax errors detected in /blocks/b00118.php
No syntax errors detected in /blocks/b00119.php
No syntax errors detected in /blocks/b00120.php
No syntax errors detected in /blocks/b00121.php
No syntax errors detected in /blocks/b00122.php
No syntax errors detected in /blocks/b00123.php
No syntax errors detected in /blocks/b00124.php
No syntax errors detected in /blocks/b00125.php
No syntax errors detected in /blocks/b00126.php
No syntax errors detected in /blocks/b00127.php

Warning: declare(encoding=...) ignored because Zend multibyte feature is turned off by settings in /blocks/b00128.php on line 4
No syntax errors detected in /blocks/b00128.php
No syntax errors detected in /blocks/b00129.php
No syntax errors detected in /blocks/b00130.php
No syntax errors detected in /blocks/b00131.php
No syntax errors detected in /blocks/b00132.php
No syntax errors detected in /blocks/b00133.php
No syntax errors detected in /blocks/b00134.php
No syntax errors detected in /blocks/b00135.php
No syntax errors detected in /blocks/b00136.php
No syntax errors detected in /blocks/b00137.php
No syntax errors detected in /blocks/b00138.php
No syntax errors detected in /blocks/b00139.php
No syntax errors detected in /blocks/b00140.php
No syntax errors detected in /blocks/b00141.php
No syntax errors detected in /blocks/b00142.php
No syntax errors detected in /blocks/b00143.php
No syntax errors detected in /blocks/b00144.php
No syntax errors detected in /blocks/b00145.php
No syntax errors detected in /blocks/b00146.php
No syntax errors detected in /blocks/b00147.php
No syntax errors detected in /blocks/b00148.php
No syntax errors detected in /blocks/b00149.php
No syntax errors detected in /blocks/b00150.php
No syntax errors detected in /blocks/b00151.php
No syntax errors detected in /blocks/b00152.php

Parse error: syntax error, unexpected token "function", expecting "{" in /blocks/b00153.php on line 3
Errors parsing /blocks/b00153.php
No syntax errors detected in /blocks/b00154.php
No syntax errors detected in /blocks/b00155.php
No syntax errors detected in /blocks/b00156.php
No syntax errors detected in /blocks/b00157.php
No syntax errors detected in /blocks/b00158.php
No syntax errors detected in /blocks/b00159.php
No syntax errors detected in /blocks/b00160.php
No syntax errors detected in /blocks/b00161.php
No syntax errors detected in /blocks/b00162.php
No syntax errors detected in /blocks/b00163.php
No syntax errors detected in /blocks/b00164.php
No syntax errors detected in /blocks/b00165.php
No syntax errors detected in /blocks/b00166.php
No syntax errors detected in /blocks/b00167.php
No syntax errors detected in /blocks/b00168.php
No syntax errors detected in /blocks/b00169.php
No syntax errors detected in /blocks/b00170.php
No syntax errors detected in /blocks/b00171.php
No syntax errors detected in /blocks/b00172.php
No syntax errors detected in /blocks/b00173.php
No syntax errors detected in /blocks/b00174.php
No syntax errors detected in /blocks/b00175.php
No syntax errors detected in /blocks/b00176.php
No syntax errors detected in /blocks/b00177.php
No syntax errors detected in /blocks/b00178.php
No syntax errors detected in /blocks/b00179.php
No syntax errors detected in /blocks/b00180.php
No syntax errors detected in /blocks/b00181.php
No syntax errors detected in /blocks/b00182.php
No syntax errors detected in /blocks/b00183.php

Parse error: syntax error, unexpected token ")", expecting variable in /blocks/b00184.php on line 2
Errors parsing /blocks/b00184.php
No syntax errors detected in /blocks/b00185.php
No syntax errors detected in /blocks/b00186.php
No syntax errors detected in /blocks/b00187.php

Parse error: syntax error, unexpected identifier "current", expecting "function" in /blocks/b00188.php on line 4
Errors parsing /blocks/b00188.php
No syntax errors detected in /blocks/b00189.php
No syntax errors detected in /blocks/b00190.php
No syntax errors detected in /blocks/b00191.php
No syntax errors detected in /blocks/b00192.php
No syntax errors detected in /blocks/b00193.php
No syntax errors detected in /blocks/b00194.php
No syntax errors detected in /blocks/b00195.php
No syntax errors detected in /blocks/b00196.php
No syntax errors detected in /blocks/b00197.php
No syntax errors detected in /blocks/b00198.php
No syntax errors detected in /blocks/b00199.php
No syntax errors detected in /blocks/b00200.php

Parse error: syntax error, unexpected token "-", expecting ":" in /blocks/b00201.php on line 2
Errors parsing /blocks/b00201.php
No syntax errors detected in /blocks/b00202.php

Parse error: syntax error, unexpected token ":" in /blocks/b00203.php on line 2
Errors parsing /blocks/b00203.php
No syntax errors detected in /blocks/b00204.php

Parse error: syntax error, unexpected token ":" in /blocks/b00205.php on line 2
Errors parsing /blocks/b00205.php
No syntax errors detected in /blocks/b00206.php
No syntax errors detected in /blocks/b00207.php

Parse error: syntax error, unexpected variable "$s", expecting ")" in /blocks/b00208.php on line 2
Errors parsing /blocks/b00208.php
No syntax errors detected in /blocks/b00209.php

Parse error: syntax error, unexpected variable "$haystack", expecting ")" in /blocks/b00210.php on line 2
Errors parsing /blocks/b00210.php
No syntax errors detected in /blocks/b00211.php
No syntax errors detected in /blocks/b00212.php

Parse error: syntax error, unexpected variable "$pattern", expecting ")" in /blocks/b00213.php on line 2
Errors parsing /blocks/b00213.php
No syntax errors detected in /blocks/b00214.php

Parse error: syntax error, unexpected variable "$separator", expecting ")" in /blocks/b00215.php on line 2
Errors parsing /blocks/b00215.php
No syntax errors detected in /blocks/b00216.php

Parse error: syntax error, unexpected variable "$datetime", expecting ")" in /blocks/b00217.php on line 2
Errors parsing /blocks/b00217.php
No syntax errors detected in /blocks/b00218.php

Parse error: syntax error, unexpected variable "$format", expecting ")" in /blocks/b00219.php on line 2
Errors parsing /blocks/b00219.php
No syntax errors detected in /blocks/b00220.php

Parse error: syntax error, unexpected variable "$duration", expecting ")" in /blocks/b00221.php on line 2
Errors parsing /blocks/b00221.php
No syntax errors detected in /blocks/b00222.php

Parse error: syntax error, unexpected variable "$timezone", expecting ")" in /blocks/b00223.php on line 2
Errors parsing /blocks/b00223.php
No syntax errors detected in /blocks/b00224.php

Parse error: syntax error, unexpected variable "$a" in /blocks/b00225.php on line 3
Errors parsing /blocks/b00225.php
No syntax errors detected in /blocks/b00226.php
No syntax errors detected in /blocks/b00227.php
No syntax errors detected in /blocks/b00228.php
No syntax errors detected in /blocks/b00229.php
No syntax errors detected in /blocks/b00230.php

Parse error: syntax error, unexpected token "?" in /blocks/b00231.php on line 2
Errors parsing /blocks/b00231.php
No syntax errors detected in /blocks/b00232.php
No syntax errors detected in /blocks/b00233.php

Parse error: syntax error, unexpected token "public", expecting end of file in /blocks/b00234.php on line 2
Errors parsing /blocks/b00234.php
No syntax errors detected in /blocks/b00235.php
No syntax errors detected in /blocks/b00236.php
No syntax errors detected in /blocks/b00237.php

Parse error: syntax error, unexpected variable "$uri", expecting ")" in /blocks/b00238.php on line 3
Errors parsing /blocks/b00238.php
No syntax errors detected in /blocks/b00239.php

Parse error: syntax error, unexpected token "..." in /blocks/b00240.php on line 3
Errors parsing /blocks/b00240.php
No syntax errors detected in /blocks/b00241.php

Parse error: syntax error, unexpected variable "$properties", expecting ":" in /blocks/b00242.php on line 2
Errors parsing /blocks/b00242.php
No syntax errors detected in /blocks/b00243.php

Parse error: syntax error, unexpected token "public", expecting end of file in /blocks/b00244.php on line 2
Errors parsing /blocks/b00244.php
No syntax errors detected in /blocks/b00245.php
No syntax errors detected in /blocks/b00246.php
No syntax errors detected in /blocks/b00247.php
No syntax errors detected in /blocks/b00248.php
No syntax errors detected in /blocks/b00249.php
No syntax errors detected in /blocks/b00250.php
No syntax errors detected in /blocks/b00251.php
No syntax errors detected in /blocks/b00252.php
No syntax errors detected in /blocks/b00253.php
No syntax errors detected in /blocks/b00254.php
No syntax errors detected in /blocks/b00255.php
No syntax errors detected in /blocks/b00256.php
No syntax errors detected in /blocks/b00257.php
No syntax errors detected in /blocks/b00258.php
No syntax errors detected in /blocks/b00259.php
No syntax errors detected in /blocks/b00260.php
No syntax errors detected in /blocks/b00261.php
No syntax errors detected in /blocks/b00262.php
No syntax errors detected in /blocks/b00263.php
No syntax errors detected in /blocks/b00264.php
No syntax errors detected in /blocks/b00265.php
No syntax errors detected in /blocks/b00266.php

Warning: The use statement with non-compound name 'IteratorAggregate' has no effect in /blocks/b00267.php on line 2

Warning: The use statement with non-compound name 'Traversable' has no effect in /blocks/b00267.php on line 3
No syntax errors detected in /blocks/b00267.php
No syntax errors detected in /blocks/b00268.php

Warning: The use statement with non-compound name 'ArrayAccess' has no effect in /blocks/b00269.php on line 2

Warning: The use statement with non-compound name 'Countable' has no effect in /blocks/b00269.php on line 3

Warning: The use statement with non-compound name 'Stringable' has no effect in /blocks/b00269.php on line 4
No syntax errors detected in /blocks/b00269.php
No syntax errors detected in /blocks/b00270.php
No syntax errors detected in /blocks/b00271.php
No syntax errors detected in /blocks/b00272.php
No syntax errors detected in /blocks/b00273.php
No syntax errors detected in /blocks/b00274.php
No syntax errors detected in /blocks/b00275.php
No syntax errors detected in /blocks/b00276.php
No syntax errors detected in /blocks/b00277.php
No syntax errors detected in /blocks/b00278.php
No syntax errors detected in /blocks/b00279.php
No syntax errors detected in /blocks/b00280.php
No syntax errors detected in /blocks/b00281.php
No syntax errors detected in /blocks/b00282.php
No syntax errors detected in /blocks/b00283.php
No syntax errors detected in /blocks/b00284.php
No syntax errors detected in /blocks/b00285.php
No syntax errors detected in /blocks/b00286.php
No syntax errors detected in /blocks/b00287.php
No syntax errors detected in /blocks/b00288.php
No syntax errors detected in /blocks/b00289.php
No syntax errors detected in /blocks/b00290.php
No syntax errors detected in /blocks/b00291.php
No syntax errors detected in /blocks/b00292.php
No syntax errors detected in /blocks/b00293.php
No syntax errors detected in /blocks/b00294.php
No syntax errors detected in /blocks/b00295.php
No syntax errors detected in /blocks/b00296.php
No syntax errors detected in /blocks/b00297.php
No syntax errors detected in /blocks/b00298.php
No syntax errors detected in /blocks/b00299.php
No syntax errors detected in /blocks/b00300.php
No syntax errors detected in /blocks/b00301.php
No syntax errors detected in /blocks/b00302.php
No syntax errors detected in /blocks/b00303.php

Parse error: syntax error, unexpected token "public", expecting end of file in /blocks/b00304.php on line 3
Errors parsing /blocks/b00304.php
No syntax errors detected in /blocks/b00305.php
No syntax errors detected in /blocks/b00306.php
No syntax errors detected in /blocks/b00307.php
No syntax errors detected in /blocks/b00308.php
No syntax errors detected in /blocks/b00309.php
No syntax errors detected in /blocks/b00310.php
No syntax errors detected in /blocks/b00311.php
No syntax errors detected in /blocks/b00312.php
No syntax errors detected in /blocks/b00313.php
No syntax errors detected in /blocks/b00314.php

Parse error: syntax error, unexpected token "public", expecting end of file in /blocks/b00315.php on line 2
Errors parsing /blocks/b00315.php
No syntax errors detected in /blocks/b00316.php
